
> lbpa-tmf-frontend@1.0.0 build
> vite build

▲ [WARNING] Duplicate key "type" in object literal [duplicate-object-key]

    package.json:19:2:
      19 │   "type": "commonjs",
         ╵   ~~~~~~

  The original key "type" is here:

    package.json:5:2:
      5 │   "type": "module",
        ╵   ~~~~~~

vite v7.2.4 building client environment for production...
transforming...
✓ 12 modules transformed.
✗ Build failed in 211ms
error during build:
[vite:css] [postcss] It looks like you're trying to use `tailwindcss` directly as a PostCSS plugin. The PostCSS plugin has moved to a separate package, so to continue using Tailwind CSS with PostCSS you'll need to install `@tailwindcss/postcss` and update your PostCSS configuration.
file: /home/shahab/Projects_Client/LBPA/lbpa-tmf/lbpa-tmf-frontend/node_modules/leaflet/dist/leaflet.css:undefined:NaN
    at at (/home/shahab/Projects_Client/LBPA/lbpa-tmf/lbpa-tmf-frontend/node_modules/tailwindcss/dist/lib.js:38:1629)
    at LazyResult.runOnRoot (/home/shahab/Projects_Client/LBPA/lbpa-tmf/lbpa-tmf-frontend/node_modules/postcss/lib/lazy-result.js:361:16)
    at LazyResult.runAsync (/home/shahab/Projects_Client/LBPA/lbpa-tmf/lbpa-tmf-frontend/node_modules/postcss/lib/lazy-result.js:290:26)
    at LazyResult.async (/home/shahab/Projects_Client/LBPA/lbpa-tmf/lbpa-tmf-frontend/node_modules/postcss/lib/lazy-result.js:192:30)
    at LazyResult.then (/home/shahab/Projects_Client/LBPA/lbpa-tmf/lbpa-tmf-frontend/node_modules/postcss/lib/lazy-result.js:436:17)
    at async runPostCSS (file:///home/shahab/Projects_Client/LBPA/lbpa-tmf/lbpa-tmf-frontend/node_modules/vite/dist/node/chunks/config.js:30793:19)
    at async compilePostCSS (file:///home/shahab/Projects_Client/LBPA/lbpa-tmf/lbpa-tmf-frontend/node_modules/vite/dist/node/chunks/config.js:30777:6)
    at async compileCSS (file:///home/shahab/Projects_Client/LBPA/lbpa-tmf/lbpa-tmf-frontend/node_modules/vite/dist/node/chunks/config.js:30707:26)
    at async Object.handler (file:///home/shahab/Projects_Client/LBPA/lbpa-tmf/lbpa-tmf-frontend/node_modules/vite/dist/node/chunks/config.js:30240:54)
    at async transform (file:///home/shahab/Projects_Client/LBPA/lbpa-tmf/lbpa-tmf-frontend/node_modules/rollup/dist/es/shared/node-entry.js:21163:16)
